:: running early hook [udev]
Starting systemd-udevd version 261.2-1-arch
:: running early hook [archiso_pxe_nbd]
:: running hook [udev]
:: Triggering uevents...
:: running hook [memdisk]
:: running hook [findroot]
:: running hook [archiso]
:: running hook [archiso_loop_mnt]
:: running hook [archiso_pxe_common]
:: running hook [archiso_pxe_nbd]
:: running hook [archiso_pxe_http]
:: running hook [archiso_pxe_nfs]
:: running hook [encrypt]
:: Mounting '/dev/disk/by-label/RESCUE1302' to '/run/archiso/bootmnt'
:: Device '/dev/disk/by-label/RESCUE1302' mounted successfully.
:: Creating config dir ...
:: Execute the configuration processing script ...
:: Define early boot options based on the configuration ...
Entry '.global.copytoram' disabled in config: value='false'
Entry '.global.checksum' disabled in config: value='false'
Entry '.global.loadsrm' enabled in config: value='true'
:: Mounting /run/archiso/cowspace (tmpfs) filesystem, size=25%...
:: Mounting '/dev/loop0' to '/run/archiso/sfs/airootfs'
:: Device '/dev/loop0' mounted successfully.
:: Mounting '/dev/loop1' to '/run/archiso/sfs/srm1'
:: Device '/dev/loop1' mounted successfully.
:: Mounting '/dev/loop2' to '/run/archiso/sfs/srm2'
:: Device '/dev/loop2' mounted successfully.
:: running late hook [archiso_pxe_common]
:: running cleanup hook [udev]
P+q6E616D65\78]104\
Welcome to SystemRescue 13.02!

]3008;start=855641c433704683bb59a33bba06d223;user=root;hostname=sysrescue;machineid=b2e6d0f5d29c4b60b9999777f58649ee;bootid=b0fa5081d3c045ac92bf324057dd77b5;pid=1;pidfdid=2;comm=systemd;type=boot\[  OK  ] Created slice Slice /system/dirmngr.
[  OK  ] Created slice Slice /system/getty.
[  OK  ] Created slice Slice /system/gpg-agent.
[  OK  ] Created slice Slice /system/gpg-agent-browser.
[  OK  ] Created slice Slice /system/gpg-agent-extra.
[  OK  ] Created slice Slice /system/gpg-agent-ssh.
[  OK  ] Created slice Slice /system/keyboxd.
[  OK  ] Created slice Slice /system/modprobe.
[  OK  ] Created slice Slice /system/serial-getty.
[  OK  ] Created slice User and Session Slice.
[  OK  ] Started Dispatch Password Requests to Console Directory Watch.
[  OK  ] Started Forward Password Requests to Wall Directory Watch.
[  OK  ] Set up automount Arbitrary Executa…ormats File System Automount Point.
         Expecting device /dev/ttyS0...
[  OK  ] Reached target Image Downloads.
[  OK  ] Reached target Local Integrity Protected Volumes.
[  OK  ] Reached target Path Units.
[  OK  ] Reached target Remote File Systems.
[  OK  ] Reached target Slice Units.
[  OK  ] Reached target Swaps.
[  OK  ] Reached target Local Verity Protected Volumes.
[  OK  ] Listening on Device-mapper event daemon FIFOs.
[  OK  ] Listening on LVM2 poll daemon socket.
[  OK  ] Listening on Query the User Interactively for a Password.
[  OK  ] Listening on Process Core Dump Socket.
[  OK  ] Listening on Credential Encryption/Decryption.
[  OK  ] Listening on Factory Reset Management.
[  OK  ] Listening on Hostname Service Socket.
[  OK  ] Listening on Journal Socket (/dev/log).
[  OK  ] Listening on Journal Sockets.
[  OK  ] Listening on Console Output Muting Service Socket.
[  OK  ] Listening on Disk Repartitioning Service Socket.
[  OK  ] Listening on Simple Block Device Backed Storage Provider.
[  OK  ] Listening on Simple File System Backed Storage Provider.
[  OK  ] Listening on udev Control Socket.
[  OK  ] Listening on udev Kernel Socket.
[  OK  ] Listening on udev Varlink Socket.
[  OK  ] Listening on User Database Manager Socket.
         Mounting Huge Pages File System...
         Mounting POSIX Message Queue File System...
         Mounting Kernel Debug File System...
         Mounting Kernel Trace File System...
         Mounting Temporary Directory /tmp...
         Starting Create List of Static Device Nodes...
         Starting Monitoring of LVM2 mirror…ing dmeventd or progress polling...
         Mounting Kernel Configuration File System...
         Mounting FUSE Control File System...
         Starting Journal Service...
         Starting Load Kernel Modules...
         Starting Remount Root and Kernel File Systems...
[  OK  ] Reached target Local Encrypted Volumes.
         Starting Load udev Rules from Credentials...
         Starting Coldplug All udev Devices...
[  OK  ] Mounted Huge Pages File System.
[  OK  ] Mounted POSIX Message Queue File System.
[  OK  ] Mounted Kernel Debug File System.
[  OK  ] Mounted Kernel Trace File System.
[  OK  ] Mounted Temporary Directory /tmp.
[  OK  ] Finished Create List of Static Device Nodes.
[  OK  ] Started Journal Service.
[  OK  ] Mounted Kernel Configuration File System.
[  OK  ] Mounted FUSE Control File System.
[  OK  ] Finished Remount Root and Kernel File Systems.
[  OK  ] Finished Load udev Rules from Credentials.
         Starting Flush Journal to Persistent Storage...
         Starting Load/Save OS Random Seed...
         Starting Create Static Device Nodes in /dev gracefully...
[  OK  ] Finished Monitoring of LVM2 mirror…using dmeventd or progress polling.
[  OK  ] Finished Load/Save OS Random Seed.
[  OK  ] Finished Flush Journal to Persistent Storage.
         Starting User Database Manager...
         Mounting Arbitrary Executable File Formats File System...
[  OK  ] Mounted Arbitrary Executable File Formats File System.
[  OK  ] Started User Database Manager.
[  OK  ] Finished Coldplug All udev Devices.
[  OK  ] Finished Create Static Device Nodes in /dev gracefully.
         Starting Create System Users...
[  OK  ] Finished Create System Users.
         Starting Journal Log Access Socket...
         Starting Create Static Device Nodes in /dev...
[  OK  ] Listening on Journal Log Access Socket.
[  OK  ] Finished Create Static Device Nodes in /dev.
[  OK  ] Reached target Preparation for Local File Systems.
[  OK  ] Listening on Disk Image Download Service Socket.
         Mounting Bind mount /var/lib/pacma…g between snapshot/rolling repos...
         Starting Rule-based Manager for Device Events and Files...
[  OK  ] Mounted Bind mount /var/lib/pacman…ing between snapshot/rolling repos.
[  OK  ] Reached target Local File Systems.
[  OK  ] Listening on Boot Loader Control Service Socket.
[  OK  ] Listening on System Extension Image Management.
         Starting Create System Files and Directories...
         Starting Load JSON user/group Records from Credentials...
[  OK  ] Finished Load JSON user/group Records from Credentials.
[  OK  ] Started Rule-based Manager for Device Events and Files.
[  OK  ] Finished Create System Files and Directories.
         Starting Rebuild Journal Catalog...
         Starting Record System Boot/Shutdown in UTMP...
[   24.620869] NVRM: No NVIDIA GPU found.
[  OK  ] Finished Record System Boot/Shutdown in UTMP.
[  OK  ] Finished Load Kernel Modules.
         Starting Apply Kernel Variables...
[  OK  ] Finished Rebuild Journal Catalog.
         Starting Update is Completed...
[  OK  ] Finished Update is Completed.
[  OK  ] Finished Apply Kernel Variables.
[  OK  ] Reached target System Initialization.
[  OK  ] Started Update the plocate database daily.
[  OK  ] Started Daily Cleanup of Temporary Directories.
[  OK  ] Reached target Timer Units.
[  OK  ] Listening on D-Bus System Message Bus Socket.
[  OK  ] Listening on GnuPG network certifi…ent daemon for /etc/pacman.d/gnupg.
[  OK  ] Listening on GnuPG cryptographic a… browsers) for /etc/pacman.d/gnupg.
[  OK  ] Listening on GnuPG cryptographic a…estricted) for /etc/pacman.d/gnupg.
[  OK  ] Listening on GnuPG cryptographic a…emulation) for /etc/pacman.d/gnupg.
[  OK  ] Listening on GnuPG cryptographic a…rase cache for /etc/pacman.d/gnupg.
[  OK  ] Listening on GnuPG public key mana…nt service for /etc/pacman.d/gnupg.
[  OK  ] Listening on Authorization Manager Agent Helper.
[  OK  ] Listening on OpenSSH Server Socket…temd-ssh-generator, AF_UNIX Local).
[  OK  ] Listening on User Login Management Varlink Socket.
[  OK  ] Listening on Virtual Machine and C…tainer Registration Service Socket.
[  OK  ] Reached target Socket Units.
         Starting D-Bus System Message Bus...
[  OK  ] Started D-Bus System Message Bus.
[  OK  ] Reached target Basic System.
         Starting SSH Key Generation...
         Starting SystemRescue Initialization, before networking...
         Starting User Login Management...
[  OK  ] Started User Login Management.
[  OK  ] Finished SSH Key Generation.
[  OK  ] Found device /dev/ttyS0.
[*     ] A start job is running for SystemRe… before networking (7s / no limit)
M[**    ] A start job is running for SystemRe… before networking (8s / no limit)
M         Starting Virtual Console Setup...
[  OK  ] Stopped Virtual Console Setup.
         Starting Virtual Console Setup...
[  OK  ] Stopped Virtual Console Setup.
         Starting Virtual Console Setup...
[  OK  ] Finished Virtual Console Setup.
[   30.569017] sysrescue-initialize-prenet[443]: ====> Script /etc/systemd/scripts/sysrescue-initialize-prenet starting ...
[   30.571179] sysrescue-initialize-prenet[443]: ====> Read the effective configuration file ...
[   30.571964] sysrescue-initialize-prenet[443]: ====> Showing the effective global configuration (except clear passwords) ...
[   30.572544] sysrescue-initialize-prenet[443]: config['global']['nofirewall']=False
[   30.573042] sysrescue-initialize-prenet[443]: ====> Applying pre-network configuration ...
[   30.573536] sysrescue-initialize-prenet[443]: ====> Script /etc/systemd/scripts/sysrescue-initialize-prenet completed with 0 errors ...
[  OK  ] Finished SystemRescue Initialization, before networking.
         Starting IPv4 Packet Filtering Framework...
         Starting SystemRescue Initialization, parallel to networking...
[   31.100743] sysrescue-initialize-whilenet[487]: ====> Script /etc/systemd/scripts/sysrescue-initialize-whilenet starting ...
[   31.103914] sysrescue-initialize-whilenet[487]: ====> Read the effective configuration file ...
[   31.106975] sysrescue-initialize-whilenet[487]: ====> Showing the effective global configuration (except clear passwords) ...
[   31.107519] sysrescue-initialize-whilenet[487]: config['global']['setkmap']=
[   31.107891] sysrescue-initialize-whilenet[487]: config['global']['rootshell']=
[   31.108268] sysrescue-initialize-whilenet[487]: config['global']['noautologin']=False
[   31.108701] sysrescue-initialize-whilenet[487]: config['global']['dostartx']=True
[   31.108991] sysrescue-initialize-whilenet[487]: config['global']['dovnc']=False
[   31.109235] sysrescue-initialize-whilenet[487]: config['global']['late_load_srm']=
[   31.109468] sysrescue-initialize-whilenet[487]: config['sysconfig']['timezone']=
[   31.109695] sysrescue-initialize-whilenet[487]: ====> Applying configuration ...
[   31.145142] sysrescue-initialize-whilenet[487]: ====> Configuring bash_history ...
[   31.147402] sysrescue-initialize-whilenet[487]: ====> Configuring autoterminal ...
[   31.194805] sysrescue-initialize-whilenet[487]: setting terminal 'tty2' to '/usr/local/system_rescue/bin/system-rescue.sh'
[  OK  ] Finished IPv4 Packet Filtering Framework.
         Starting IPv6 Packet Filtering Framework...
[   32.536572] sysrescue-initialize-whilenet[487]: ====> Script /etc/systemd/scripts/sysrescue-initialize-whilenet completed with 0 errors ...
[  OK  ] Finished SystemRescue Initialization, parallel to networking.
[  OK  ] Finished IPv6 Packet Filtering Framework.
[  OK  ] Reached target Preparation for Network.
         Starting Network Manager...
         Starting Hostname Service...
[  OK  ] Started Hostname Service.
[  OK  ] Listening on Load/Save RF Kill Switch Status /dev/rfkill Watch.
         Starting Network Manager Script Dispatcher Service...
[  OK  ] Started Network Manager.
[  OK  ] Reached target Network.
         Starting Network Manager Wait Online...
         Starting OpenSSH Daemon...
         Starting Permit User Sessions...
[  OK  ] Started Network Manager Script Dispatcher Service.
[  OK  ] Finished Permit User Sessions.
[  OK  ] Finished Network Manager Wait Online.
[  OK  ] Reached target Network is Online.
         Starting SystemRescue Autorun...
[  OK  ] Started OpenSSH Daemon.
[  OK  ] Reached target SSH Access Available.

############################# Initializing autorun #############################
Showing the effective autorun configuration ...
config['ar_disable']=False
config['ar_attempts']=1
config['ar_source']=
config['ar_ignorefail']=False
config['ar_nodel']=False
config['ar_nowait']=True
ar_suffixes=['', '0', '1', '2', '3', '4', '5', '6', '7', '8', '9', 'A', 'B', 'C', 'D', 'E', 'F']
exec=[]
Cannot find a valid ar_source, searching scripts in the default directories
No autorun scripts found, nothing to do.
[  OK  ] Finished SystemRescue Autorun.
[  OK  ] Reached target Preparation for Logins.
[  OK  ] Started SystemRescue autoterminal tty2.
[  OK  ] Started Getty on tty1.
[  OK  ] Started Serial Getty on ttyS0.
[  OK  ] Reached target Login Prompts.
[  OK  ] Reached target Multi-User System.
]104\78]104\78]3008;start=d3afc2b5d86a4ff0816b9de52082c74b;user=root;hostname=sysrescue;machineid=b2e6d0f5d29c4b60b9999777f58649ee;bootid=b0fa5081d3c045ac92bf324057dd77b5;pid=564;pidfdid=565;comm=(agetty);servicename=serial-getty@ttyS0.service;invocationid=90c51d6105234200880d909eb6abe711;type=service\P+q6E616D65\
 ========= SystemRescue 13.02 (x86_64) ======== ttyS0/6 =========
                    https://www.system-rescue.org/

* Console environment :
   Run setkmap to choose the keyboard layout (also accessible with the arrow up key)
   Run manual to read the documentation of SystemRescue

* Graphical environment :
   Type startx to run the graphical environment
   X.Org comes with the XFCE environment and several graphical tools:
   - Partition manager: .. gparted
   - Web browser: ........ firefox
   - Text editor: ........ featherpad

sysrescue login: root (automatic login)

root
]3008;start=8985f463c35f42beb6e43275a5652242;user=root;hostname=sysrescue;machineid=b2e6d0f5d29c4b60b9999777f58649ee;bootid=b0fa5081d3c045ac92bf324057dd77b5;pid=564;pidfdid=565;comm=login;targetuser=root;sessionid=4;type=session\]3008;start=2b58494a-84d5-4c77-ae7e-840e69f59908;machineid=b2e6d0f5d29c4b60b9999777f58649ee;user=root;hostname=sysrescue;bootid=b0fa5081-d3c0-45ac-92bf-324057dd77b5;pid=00000000000000000597;type=shell;cwd=/root\[root@sysrescue ~]# export SR_APP_ROOT=/usr/local/system_rescue; mkdir -p /mnt/project; mount -t 9p -o trans=virtio,ro project /mnt/project; bash /mnt/project/nvidia_guest.sh; result=$?; printf '\nSR_VM_EXIT=%s\n' "$result"
]3008;start=498bcb40-1f75-4dde-a215-d084592a5263;machineid=b2e6d0f5d29c4b60b9999777f58649ee;user=root;hostname=sysrescue;bootid=b0fa5081-d3c0-45ac-92bf-324057dd77b5;pid=00000000000000000597;type=command;cwd=/root\insmod /lib/modules/6.18.41-1-lts/kernel/drivers/platform/x86/wmi.ko 
insmod /lib/modules/6.18.41-1-lts/kernel/drivers/acpi/video.ko 
insmod /lib/modules/6.18.41-1-lts/kernel/drivers/gpu/drm/ttm/ttm.ko 
insmod /lib/modules/6.18.41-1-lts/kernel/drivers/gpu/drm/drm_ttm_helper.ko 
insmod /lib/modules/6.18.41-1-lts/extramodules/nvidia.ko NVreg_UseKernelSuspendNotifiers=1 NVreg_TemporaryFilePath=/var/tmp 
insmod /lib/modules/6.18.41-1-lts/extramodules/nvidia-modeset.ko 
insmod /lib/modules/6.18.41-1-lts/extramodules/nvidia-drm.ko modeset=1 
/usr/bin/nvidia-smi
	linux-vdso.so.1 (0x00007f09b80fa000)
	libpthread.so.0 => /usr/lib/libpthread.so.0 (0x00007f09b80d4000)
	libm.so.6 => /usr/lib/libm.so.6 (0x00007f09b7f9d000)
	libdl.so.2 => /usr/lib/libdl.so.2 (0x00007f09b7f98000)
	libc.so.6 => /usr/lib/libc.so.6 (0x00007f09b7d78000)
	librt.so.1 => /usr/lib/librt.so.1 (0x00007f09b7d73000)
	/lib64/ld-linux-x86-64.so.2 => /usr/lib64/ld-linux-x86-64.so.2 (0x00007f09b80fc000)
/usr/lib/libEGL_nvidia.so.0
	linux-vdso.so.1 (0x00007f9fcf732000)
	libpthread.so.0 => /usr/lib/libpthread.so.0 (0x00007f9fcf5e2000)
	librt.so.1 => /usr/lib/librt.so.1 (0x00007f9fcf5dd000)
	libc.so.6 => /usr/lib/libc.so.6 (0x00007f9fcf3bd000)
	libdl.so.2 => /usr/lib/libdl.so.2 (0x00007f9fcf3b6000)
	libnvidia-glsi.so.610.57.04 => /usr/lib/libnvidia-glsi.so.610.57.04 (0x00007f9fcf31a000)
	/usr/lib64/ld-linux-x86-64.so.2 (0x00007f9fcf734000)
/usr/lib/libGLX_nvidia.so.0
	linux-vdso.so.1 (0x00007f6dcbea7000)
	libnvidia-glsi.so.610.57.04 => /usr/lib/libnvidia-glsi.so.610.57.04 (0x00007f6dcbcc0000)
	libnvidia-tls.so.610.57.04 => /usr/lib/libnvidia-tls.so.610.57.04 (0x00007f6dcbcba000)
	libnvidia-glcore.so.610.57.04 => /usr/lib/libnvidia-glcore.so.610.57.04 (0x00007f6dc94c3000)
	libX11.so.6 => /usr/lib/libX11.so.6 (0x00007f6dc9381000)
	libXext.so.6 => /usr/lib/libXext.so.6 (0x00007f6dc936d000)
	libc.so.6 => /usr/lib/libc.so.6 (0x00007f6dc914d000)
	libdl.so.2 => /usr/lib/libdl.so.2 (0x00007f6dc9148000)
	libpthread.so.0 => /usr/lib/libpthread.so.0 (0x00007f6dc9143000)
	librt.so.1 => /usr/lib/librt.so.1 (0x00007f6dc913c000)
	libm.so.6 => /usr/lib/libm.so.6 (0x00007f6dc9005000)
	libnvidia-gpucomp.so.610.57.04 => /usr/lib/libnvidia-gpucomp.so.610.57.04 (0x00007f6dc2585000)
	libxcb.so.1 => /usr/lib/libxcb.so.1 (0x00007f6dc255a000)
	/usr/lib64/ld-linux-x86-64.so.2 (0x00007f6dcbea9000)
	libXau.so.6 => /usr/lib/libXau.so.6 (0x00007f6dc2555000)
	libXdmcp.so.6 => /usr/lib/libXdmcp.so.6 (0x00007f6dc254b000)
/usr/lib/xorg/modules/drivers/nvidia_drv.so
	linux-vdso.so.1 (0x00007fe01a106000)
	librt.so.1 => /usr/lib/librt.so.1 (0x00007fe019c94000)
	libm.so.6 => /usr/lib/libm.so.6 (0x00007fe019b5d000)
	libc.so.6 => /usr/lib/libc.so.6 (0x00007fe01993d000)
	libdl.so.2 => /usr/lib/libdl.so.2 (0x00007fe019938000)
	/usr/lib64/ld-linux-x86-64.so.2 (0x00007fe01a108000)
/usr/lib/nvidia/xorg/libglxserver_nvidia.so
	linux-vdso.so.1 (0x00007fbbae5fe000)
	libnvidia-tls.so.610.57.04 => /usr/lib/libnvidia-tls.so.610.57.04 (0x00007fbbae05a000)
	libnvidia-glcore.so.610.57.04 => /usr/lib/libnvidia-glcore.so.610.57.04 (0x00007fbbab865000)
	libc.so.6 => /usr/lib/libc.so.6 (0x00007fbbab645000)
	libpthread.so.0 => /usr/lib/libpthread.so.0 (0x00007fbbab640000)
	libm.so.6 => /usr/lib/libm.so.6 (0x00007fbbab507000)
	libdl.so.2 => /usr/lib/libdl.so.2 (0x00007fbbab502000)
	libnvidia-gpucomp.so.610.57.04 => /usr/lib/libnvidia-gpucomp.so.610.57.04 (0x00007fbba4a82000)
	/usr/lib64/ld-linux-x86-64.so.2 (0x00007fbbae600000)
	librt.so.1 => /usr/lib/librt.so.1 (0x00007fbba4a7d000)
/usr/lib/libnvidia-egl-gbm.so.1
	linux-vdso.so.1 (0x00007f280fd60000)
	libgbm.so.1 => /usr/lib/libgbm.so.1 (0x00007f280fd32000)
	libdrm.so.2 => /usr/lib/libdrm.so.2 (0x00007f280fd1b000)
	libc.so.6 => /usr/lib/libc.so.6 (0x00007f280fafb000)
	libexpat.so.1 => /usr/lib/libexpat.so.1 (0x00007f280facb000)
	libm.so.6 => /usr/lib/libm.so.6 (0x00007f280f994000)
	libgcc_s.so.1 => /usr/lib/libgcc_s.so.1 (0x00007f280f967000)
	/usr/lib64/ld-linux-x86-64.so.2 (0x00007f280fd62000)
/usr/lib/libnvidia-egl-wayland.so.1
	linux-vdso.so.1 (0x00007fdf5675e000)
	libwayland-server.so.0 => /usr/lib/libwayland-server.so.0 (0x00007fdf56714000)
	libwayland-client.so.0 => /usr/lib/libwayland-client.so.0 (0x00007fdf56704000)
	libdrm.so.2 => /usr/lib/libdrm.so.2 (0x00007fdf566ed000)
	libc.so.6 => /usr/lib/libc.so.6 (0x00007fdf564cd000)
	libffi.so.8 => /usr/lib/libffi.so.8 (0x00007fdf564bd000)
	/usr/lib64/ld-linux-x86-64.so.2 (0x00007fdf56760000)
/usr/lib/libnvidia-egl-wayland2.so.1
	linux-vdso.so.1 (0x00007fb3efb79000)
	libdrm.so.2 => /usr/lib/libdrm.so.2 (0x00007fb3efb2c000)
	libgbm.so.1 => /usr/lib/libgbm.so.1 (0x00007fb3efb26000)
	libwayland-client.so.0 => /usr/lib/libwayland-client.so.0 (0x00007fb3efb16000)
	libc.so.6 => /usr/lib/libc.so.6 (0x00007fb3ef8f6000)
	libexpat.so.1 => /usr/lib/libexpat.so.1 (0x00007fb3ef8c6000)
	libm.so.6 => /usr/lib/libm.so.6 (0x00007fb3ef78f000)
	libgcc_s.so.1 => /usr/lib/libgcc_s.so.1 (0x00007fb3ef762000)
	libffi.so.8 => /usr/lib/libffi.so.8 (0x00007fb3ef754000)
	/usr/lib64/ld-linux-x86-64.so.2 (0x00007fb3efb7b000)
/usr/lib/libnvidia-egl-xcb.so.1
	linux-vdso.so.1 (0x00007f02c2b97000)
	libdrm.so.2 => /usr/lib/libdrm.so.2 (0x00007f02c2b4c000)
	libgbm.so.1 => /usr/lib/libgbm.so.1 (0x00007f02c2b46000)
	libxcb.so.1 => /usr/lib/libxcb.so.1 (0x00007f02c2b1b000)
	libxcb-present.so.0 => /usr/lib/libxcb-present.so.0 (0x00007f02c2b14000)
	libxcb-dri3.so.0 => /usr/lib/libxcb-dri3.so.0 (0x00007f02c2b0d000)
	libc.so.6 => /usr/lib/libc.so.6 (0x00007f02c28ed000)
	libexpat.so.1 => /usr/lib/libexpat.so.1 (0x00007f02c28bf000)
	libm.so.6 => /usr/lib/libm.so.6 (0x00007f02c2788000)
	libgcc_s.so.1 => /usr/lib/libgcc_s.so.1 (0x00007f02c275b000)
	libXau.so.6 => /usr/lib/libXau.so.6 (0x00007f02c2754000)
	libXdmcp.so.6 => /usr/lib/libXdmcp.so.6 (0x00007f02c274c000)
	/usr/lib64/ld-linux-x86-64.so.2 (0x00007f02c2b99000)
/usr/lib/libnvidia-egl-xlib.so.1
	linux-vdso.so.1 (0x00007fe1d04d6000)
	libdrm.so.2 => /usr/lib/libdrm.so.2 (0x00007fe1d048a000)
	libgbm.so.1 => /usr/lib/libgbm.so.1 (0x00007fe1d0484000)
	libxcb.so.1 => /usr/lib/libxcb.so.1 (0x00007fe1d0459000)
	libxcb-present.so.0 => /usr/lib/libxcb-present.so.0 (0x00007fe1d0454000)
	libxcb-dri3.so.0 => /usr/lib/libxcb-dri3.so.0 (0x00007fe1d044b000)
	libX11.so.6 => /usr/lib/libX11.so.6 (0x00007fe1d0309000)
	libX11-xcb.so.1 => /usr/lib/libX11-xcb.so.1 (0x00007fe1d0304000)
	libc.so.6 => /usr/lib/libc.so.6 (0x00007fe1d00e4000)
	libexpat.so.1 => /usr/lib/libexpat.so.1 (0x00007fe1d00b6000)
	libm.so.6 => /usr/lib/libm.so.6 (0x00007fe1cff7f000)
	libgcc_s.so.1 => /usr/lib/libgcc_s.so.1 (0x00007fe1cff50000)
	libXau.so.6 => /usr/lib/libXau.so.6 (0x00007fe1cff4b000)
	libXdmcp.so.6 => /usr/lib/libXdmcp.so.6 (0x00007fe1cff43000)
	/usr/lib64/ld-linux-x86-64.so.2 (0x00007fe1d04d8000)
modprobe: ERROR: could not insert 'nvidia': No such device
PASS: NVIDIA guest packaging, ABI metadata and shared-library dependencies
Creating new GPT entries in memory.
The operation has completed successfully.
mkfs.fat 4.2 (2021-01-31)
btrfs-progs v6.17.1
See https://btrfs.readthedocs.io for more information.

Performing full device TRIM /dev/vda2 (1.00GiB) ...
Label:              (null)
UUID:               5f70916b-0ccd-46d1-acca-ed0418a79a35
Node size:          16384
Sector size:        4096	(CPU page size: 4096)
Filesystem size:    1.00GiB
Block group profiles:
  Data:             single            8.00MiB
  Metadata:         DUP              51.19MiB
  System:           DUP               8.00MiB
SSD detected:       no
Zoned device:       no
Features:           extref, skinny-metadata, no-holes, free-space-tree
Checksum:           crc32c
Number of devices:  1
Devices:
   ID        SIZE  PATH     
    1     1.00GiB  /dev/vda2

Setting up swapspace version 1, size = 64 MiB (67104768 bytes)
no label, UUID=11111111-2222-3333-4444-555555555555
1+0 records in
1+0 records out
1048576 bytes (1.0 MB, 1.0 MiB) copied, 0.00643779 s, 163 MB/s
Create subvolume '/mnt/fixture/@'
Create subvolume '/mnt/fixture/@home'
Create readonly snapshot of '/mnt/fixture/@' in '/mnt/fixture/snapshot'
Create subvolume '/mnt/fixture/@swap'
create swapfile /mnt/fixture/@swap/swapfile size 128.00MiB (134217728)
[system_rescue] ERROR: source /dev/vda is not eligible (mounted, active swap, boot media, or unsupported device)
[system_rescue] ERROR: source /dev/vda is not eligible (mounted, active swap, boot media, or unsupported device)
[system_rescue] estimating space required (probing filesystems read-only)...
[system_rescue]   need up to ~1.2GiB uncompressed; destination has 3.7GiB free
[system_rescue] backing up /dev/vda (, serial=SR_TEST_SOURCE, 2147483648 bytes)
[system_rescue] destination: /mnt/vault/interrupted/unknown_SR_TEST_SOURCE_20260910T154405Z
[system_rescue] space preflight: estimated ~1.2GiB uncompressed (1224736768 bytes), destination had 3.7GiB free
[system_rescue]   partition 1 (vda1, fstype=vfat, method=partclone, tool=partclone.vfat)
[system_rescue]     holds 2.0KiB in ? inodes
Partclone v0.3.48 http://partclone.org
Starting to clone device (/dev/vda1) to image (-)
Reading Super Block
[system_rescue] ERROR: imaging partition 1 failed — aborting backup (see /mnt/vault/interrupted/unknown_SR_TEST_SOURCE_20260910T154405Z/partclone_part1.log)
PASS: terminated Partclone capture did not publish a manifest
[system_rescue] estimating space required (probing filesystems read-only)...
[system_rescue]   need up to ~1.2GiB uncompressed; destination has 3.7GiB free
[system_rescue] backing up /dev/vda (, serial=SR_TEST_SOURCE, 2147483648 bytes)
[system_rescue] destination: /mnt/vault/unknown_SR_TEST_SOURCE_20260910T154407Z
[system_rescue] space preflight: estimated ~1.2GiB uncompressed (1224736768 bytes), destination had 3.7GiB free
[system_rescue]   partition 1 (vda1, fstype=vfat, method=partclone, tool=partclone.vfat)
[system_rescue]     holds 2.0KiB in ? inodes
Partclone v0.3.48 http://partclone.org
Starting to clone device (/dev/vda1) to image (-)
Reading Super Block
Calculating bitmap... Please wait... 
                                                                                Elapsed: 00:00:01, Remaining: 00:01:39, Completed:   1.00%                                                                                Elapsed: 00:00:01, Remaining: 00:00:00, Completed: 100.00%
Total Time: 00:00:01, 100.00% completed!
done!
File system:  FAT32
Device size:  134.2 MB = 262143 Blocks
Space in use:   2.1 MB = 4070 Blocks
Free Space:   132.1 MB = 258073 Blocks
Block size:   512 Byte
                                                                                Elapsed: 00:00:02, Remaining: 00:00:00, Completed: 100.00%, Rate:  62.52MB/min,
                                                                                Current block:       4070, Total block:     262143, Complete: 100.00%
Total Time: 00:00:02, Ave. Rate:  62.52MB/min, 100.00% completed!
Syncing... OK!
Partclone successfully cloned the device (/dev/vda1) to the image (-)
Cloned successfully.
[system_rescue]   partition 2 (vda2, fstype=btrfs, method=partclone, tool=partclone.btrfs)
[system_rescue]     holds 142MiB in ? inodes
Partclone v0.3.48 http://partclone.org
Starting to clone device (/dev/vda2) to image (-)
Reading Super Block
Calculating bitmap... Please wait... 
done!
File system:  BTRFS
Device size:    1.1 GB = 65536 Blocks
Space in use: 255.4 MB = 15587 Blocks
Free Space:   818.4 MB = 49949 Blocks
Block size:   16384 Byte
                                                                                Elapsed: 00:00:02, Remaining: 00:00:00, Completed: 100.00%, Rate:   7.66GB/min,
                                                                                Current block:      20184, Total block:      65536, Complete: 100.00%
Total Time: 00:00:02, Ave. Rate:   7.66GB/min, 100.00% completed!
Syncing... OK!
Partclone successfully cloned the device (/dev/vda2) to the image (-)
Cloned successfully.
[system_rescue]   partition 3 (vda3, swap) — skipping data, will recreate via mkswap -U
[system_rescue]   partition 4 (vda4, fstype=none, method=rawdd, tool=dd)
[system_rescue] backup complete: /mnt/vault/unknown_SR_TEST_SOURCE_20260910T154407Z
[system_rescue] job:     /mnt/vault/unknown_SR_TEST_SOURCE_20260910T154407Z
[system_rescue] created: 20260910T154407Z   source serial: SR_TEST_SOURCE   manifest v4
[system_rescue]   ok: part1.img.zst (checksum + partclone structure)
[system_rescue]   ok: part2.img.zst (checksum + partclone structure)
[system_rescue]   ok: part4.img.zst (checksum + zstd stream + exact raw size)
/dev/vda: OK
[system_rescue] restore log: /mnt/vault/unknown_SR_TEST_SOURCE_20260910T154407Z/restore_20260910T154447Z.log (survives the reboot)
[system_rescue] verifying backup integrity before touching the target...
[system_rescue]   ok: part1.img.zst (checksum + partclone structure)
[system_rescue]   ok: part2.img.zst (checksum + partclone structure)
[system_rescue] ERROR: checksum mismatch on part4.img.zst (backup is corrupt)
[system_rescue] ERROR: validation failed — nothing was written to /dev/vdb
[system_rescue] restore log: /mnt/vault/unknown_SR_TEST_SOURCE_20260910T154407Z/restore_20260910T154507Z.log (survives the reboot)
[system_rescue] verifying backup integrity before touching the target...
[system_rescue]   ok: part1.img.zst (checksum + partclone structure)
[system_rescue]   ok: part2.img.zst (checksum + partclone structure)
[system_rescue]   ok: part4.img.zst (checksum + zstd stream + exact raw size)
[system_rescue] NOTE: this restore will duplicate filesystem UUIDs already on this machine:
[system_rescue]   partition 1  uuid=02DD-1E74
[system_rescue]       same UUID already present on: /dev/vda1
[system_rescue]   partition 2  uuid=5f70916b-0ccd-46d1-acca-ed0418a79a35
[system_rescue]       same UUID already present on: /dev/vda2
[system_rescue]   partition 3  uuid=11111111-2222-3333-4444-555555555555
[system_rescue]       same UUID already present on: /dev/vda3
[system_rescue]   That is correct behaviour for a restore, but see the warning
[system_rescue]   printed at the end before rebooting this machine.
[system_rescue] all pre-restore checks passed
[system_rescue] ERASING /dev/vdb and restoring from /mnt/vault/unknown_SR_TEST_SOURCE_20260910T154407Z
[system_rescue] restoring gpt partition table
[system_rescue]   partition 1: restoring part1.img.zst via partclone.vfat
Partclone v0.3.48 http://partclone.org
Starting to restore image (-) to device (/dev/vdb1)
Calculating bitmap... Please wait...
done!
File system:  FAT32
Device size:  134.2 MB = 262143 Blocks
Space in use:   2.1 MB = 4070 Blocks
Free Space:   132.1 MB = 258073 Blocks
Block size:   512 Byte
                                                                                Elapsed: 00:00:02, Remaining: 00:00:00, Completed: 100.00%, Rate:  62.52MB/min,
                                                                                Current block:       4070, Total block:     262143, Complete: 100.00%
Total Time: 00:00:02, Ave. Rate:  62.52MB/min, 100.00% completed!
Syncing... OK!
Partclone successfully restored the image (-) to the device (/dev/vdb1)
Cloned successfully.
[system_rescue]   partition 2: restoring part2.img.zst via partclone.btrfs
Partclone v0.3.48 http://partclone.org
Starting to restore image (-) to device (/dev/vdb2)
Calculating bitmap... Please wait...
done!
File system:  BTRFS
Device size:    1.1 GB = 65536 Blocks
Space in use: 255.4 MB = 15587 Blocks
Free Space:   818.4 MB = 49949 Blocks
Block size:   16384 Byte
                                                                                Elapsed: 00:00:02, Remaining: 00:00:00, Completed: 100.00%, Rate:   7.66GB/min,
                                                                                Current block:      20184, Total block:      65536, Complete: 100.00%
Total Time: 00:00:02, Ave. Rate:   7.66GB/min, 100.00% completed!
Syncing... OK!
Partclone successfully restored the image (-) to the device (/dev/vdb2)
Cloned successfully.
[system_rescue]   partition 3: recreating swap (uuid=11111111-2222-3333-4444-555555555555)
[system_rescue]   partition 4: restoring part4.img.zst raw via dd
[system_rescue] comparing restored filesystem occupancy against the manifest...
[system_rescue] Occupancy checks do not verify file contents or bootability.
[system_rescue]   partition 1: ok — 2.0KiB used, matches source within 1MiB
[system_rescue]     BYTES ONLY: vfat reports no usable inode count, so
[system_rescue]     the number of files was NOT verified. Matching bytes is weaker
[system_rescue]     evidence than a matching inode count.
[system_rescue]   partition 2: occupancy check skipped while duplicate UUIDs exist; isolate the restored disk first
[system_rescue] post-restore verification passed on 1 filesystem(s): 0 matched used bytes + inode counts, 1 by used bytes only
[system_rescue] restore complete onto /dev/vdb
[system_rescue] ==================================================================
[system_rescue] ACTION REQUIRED BEFORE YOU REBOOT
[system_rescue] ==================================================================
[system_rescue]   partition 1  uuid=02DD-1E74
[system_rescue]       same UUID already present on: /dev/vda1
[system_rescue]   partition 2  uuid=5f70916b-0ccd-46d1-acca-ed0418a79a35
[system_rescue]       same UUID already present on: /dev/vda2
[system_rescue]   partition 3  uuid=11111111-2222-3333-4444-555555555555
[system_rescue]       same UUID already present on: /dev/vda3
[system_rescue] 
[system_rescue]   /dev/vdb now holds filesystems whose UUIDs are IDENTICAL to ones
[system_rescue]   already in this machine. /etc/fstab and /etc/crypttab find
[system_rescue]   filesystems BY UUID, so the next boot may pick the WRONG copy.
[system_rescue]   Device enumeration order is not stable, so it may work once and
[system_rescue]   fail later. This can leave the system unable to reach a login.
[system_rescue] 
[system_rescue]   Do ONE of these before rebooting into the installed system:
[system_rescue]     * physically remove or power off /dev/vdb, OR
[system_rescue]     * disconnect the original disk and boot only the restored copy.
[system_rescue] 
[system_rescue]   This does NOT apply if you are restoring the machine's own system
[system_rescue]   disk -- in that case the old copy is gone and there is no clash.
[system_rescue] ==================================================================
/dev/vda2: 8 bytes were erased at offset 0x00010040 (btrfs): 5f 42 48 52 66 53 5f 4d
./@/etc/fixture: OK
./@/etc/hardlink: OK
./@home/random.bin: OK
./snapshot/etc/fixture: OK
./snapshot/etc/hardlink: OK
Physical start:    146145280
Resume offset:         35680
EFI/BOOT/fixture.txt: OK
PASS: GPT EFI/Btrfs/subvolumes/snapshot/swapfile/swap/raw roundtrip, source preservation, busy-source and corrupt-image rejection
GPT data structures destroyed! You may now partition the disk using fdisk or
other utilities.
GPT data structures destroyed! You may now partition the disk using fdisk or
other utilities.
Checking that no-one is using this disk right now ... OK

Disk /dev/vda: 2 GiB, 2147483648 bytes, 4194304 sectors
Units: sectors of 1 * 512 = 512 bytes
Sector size (logical/physical): 512 bytes / 512 bytes
I/O size (minimum/optimal): 512 bytes / 512 bytes

>>> Script header accepted.
>>> Created a new DOS (MBR) disklabel with disk identifier 0x16514fc0.
/dev/vda1: Created a new partition 1 of type 'Linux' and of size 256 MiB.
Partition #1 contains a vfat signature.
/dev/vda2: Done.

New situation:
Disklabel type: dos
Disk identifier: 0x16514fc0

Device     Boot Start    End Sectors  Size Id Type
/dev/vda1  *     2048 526335  524288  256M 83 Linux

The partition table has been altered.
Calling ioctl() to re-read partition table.
Syncing disks.
/dev/vda1 contains a vfat file system
[system_rescue] estimating space required (probing filesystems read-only)...
[system_rescue]   need up to ~27MiB uncompressed; destination has 3.7GiB free
[system_rescue] backing up /dev/vda (, serial=SR_TEST_SOURCE, 2147483648 bytes)
[system_rescue] destination: /mnt/vault/unknown_SR_TEST_SOURCE_20260910T154524Z
[system_rescue] space preflight: estimated ~27MiB uncompressed (27369472 bytes), destination had 3.7GiB free
[system_rescue]   partition 1 (vda1, fstype=ext4, method=partclone, tool=partclone.ext4)
[system_rescue]     holds 15KiB in 12 inodes
Partclone v0.3.48 http://partclone.org
Starting to clone device (/dev/vda1) to image (-)
Reading Super Block
Calculating bitmap... Please wait... 
                                                                                Elapsed: 00:00:01, Remaining: 00:00:00, Completed: 100.00%
Total Time: 00:00:01, 100.00% completed!
done!
File system:  EXTFS
Device size:  268.4 MB = 262144 Blocks
Space in use:  27.4 MB = 26728 Blocks
Free Space:   241.1 MB = 235416 Blocks
Block size:   1024 Byte
                                                                                Elapsed: 00:00:02, Remaining: 00:00:00, Completed: 100.00%, Rate: 821.08MB/min,
                                                                                Current block:     221444, Total block:     262144, Complete: 100.00%
Total Time: 00:00:02, Ave. Rate: 821.08MB/min, 100.00% completed!
Syncing... OK!
Partclone successfully cloned the device (/dev/vda1) to the image (-)
Cloned successfully.
[system_rescue] backup complete: /mnt/vault/unknown_SR_TEST_SOURCE_20260910T154524Z
[system_rescue] job:     /mnt/vault/unknown_SR_TEST_SOURCE_20260910T154524Z
[system_rescue] created: 20260910T154524Z   source serial: SR_TEST_SOURCE   manifest v4
[system_rescue]   ok: part1.img.zst (checksum + partclone structure)
[system_rescue] restore log: /mnt/vault/unknown_SR_TEST_SOURCE_20260910T154524Z/restore_20260910T154530Z.log (survives the reboot)
[system_rescue] verifying backup integrity before touching the target...
[system_rescue]   ok: part1.img.zst (checksum + partclone structure)
[system_rescue] NOTE: this restore will duplicate filesystem UUIDs already on this machine:
[system_rescue]   partition 1  uuid=1b177dc7-c31f-4cd5-a124-f61e6e7279a2
[system_rescue]       same UUID already present on: /dev/vda1
[system_rescue]   That is correct behaviour for a restore, but see the warning
[system_rescue]   printed at the end before rebooting this machine.
[system_rescue] all pre-restore checks passed
[system_rescue] ERASING /dev/vdb and restoring from /mnt/vault/unknown_SR_TEST_SOURCE_20260910T154524Z
[system_rescue] restoring dos partition table
Partition #1 contains a vfat signature.
[system_rescue]   partition 1: restoring part1.img.zst via partclone.ext4
Partclone v0.3.48 http://partclone.org
Starting to restore image (-) to device (/dev/vdb1)
Calculating bitmap... Please wait...
done!
File system:  EXTFS
Device size:  268.4 MB = 262144 Blocks
Space in use:  27.4 MB = 26728 Blocks
Free Space:   241.1 MB = 235416 Blocks
Block size:   1024 Byte
                                                                                Elapsed: 00:00:02, Remaining: 00:00:00, Completed: 100.00%, Rate: 821.08MB/min,
                                                                                Current block:     221444, Total block:     262144, Complete: 100.00%
Total Time: 00:00:02, Ave. Rate: 821.08MB/min, 100.00% completed!
Syncing... OK!
Partclone successfully restored the image (-) to the device (/dev/vdb1)
Cloned successfully.
[system_rescue] comparing restored filesystem occupancy against the manifest...
[system_rescue] Occupancy checks do not verify file contents or bootability.
[system_rescue]   partition 1: ok — 15KiB / 12 inodes (used bytes and inode count both match source)
[system_rescue] post-restore verification passed on 1 filesystem(s)
[system_rescue] restore complete onto /dev/vdb
[system_rescue] ==================================================================
[system_rescue] ACTION REQUIRED BEFORE YOU REBOOT
[system_rescue] ==================================================================
[system_rescue]   partition 1  uuid=1b177dc7-c31f-4cd5-a124-f61e6e7279a2
[system_rescue]       same UUID already present on: /dev/vda1
[system_rescue] 
[system_rescue]   /dev/vdb now holds filesystems whose UUIDs are IDENTICAL to ones
[system_rescue]   already in this machine. /etc/fstab and /etc/crypttab find
[system_rescue]   filesystems BY UUID, so the next boot may pick the WRONG copy.
[system_rescue]   Device enumeration order is not stable, so it may work once and
[system_rescue]   fail later. This can leave the system unable to reach a login.
[system_rescue] 
[system_rescue]   Do ONE of these before rebooting into the installed system:
[system_rescue]     * physically remove or power off /dev/vdb, OR
[system_rescue]     * disconnect the original disk and boot only the restored copy.
[system_rescue] 
[system_rescue]   This does NOT apply if you are restoring the machine's own system
[system_rescue]   disk -- in that case the old copy is gone and there is no clash.
[system_rescue] ==================================================================
fixture: OK
PASS: DOS primary table/ext4 roundtrip (file contents, not BIOS boot)

SR_VM_EXIT=0
